{
  "scope": "Existing artifacts only; no target truth, retraining, candidate or portal scoring.",
  "index_t3_rows": 59,
  "score_status_counts": {
    "registered": 12,
    "scored": 41,
    "invalidated_unsubmitted": 6
  },
  "wt": {
    "full_cells": 24826,
    "carrier_cells": 7449,
    "carrier_zero_fraction": 0.8953701167942005,
    "carrier_gata4_positive_cells": 1354,
    "carrier_gata4_zero_cells": 6095,
    "full_gata4_positive_cells": 4724,
    "full_obs_columns": [
      "celltype",
      "cm_celltype"
    ],
    "carrier_original_types": {
      "NCC": 561,
      "Unknown": 426,
      "V-CSE": 330,
      "Allantois": 30,
      "a-FG": 226,
      "PAM-4": 209,
      "aPHM": 355,
      "Neural Tube": 1155,
      "D-FG": 209,
      "Intra-Endoth-1": 290,
      "PAM-2": 134,
      "d-CSE": 498,
      "EXE-Endoderm": 31,
      "HEM-Endoth": 47,
      "ExEM-2": 45,
      "Intra-Endoth-2": 122,
      "Forebrain": 3,
      "Endo": 288,
      "ExEM-1": 239,
      "Lateral FG": 132,
      "SOM": 13,
      "Peri": 130,
      "V-CM": 639,
      "JCF": 137,
      "Caudal Epiblast": 14,
      "pSE": 26,
      "PAM-1": 219,
      "LPM": 12,
      "Hindgut": 6,
      "pPHM": 275,
      "IFT-CM": 343,
      "PAM-3": 283,
      "Gut Endoderm": 22
    }
  },
  "representative_expression": [
    {
      "version": "v0008",
      "downstream_changed_cells": 0,
      "downstream_changed_genes": 0,
      "downstream_changed_entries": 0,
      "downstream_changes_in_gata4_zero_cells": 0,
      "activated_zero_entries": 0,
      "zero_fraction": 0.8950065780641697,
      "downstream_mean_delta_l2": 0.0,
      "downstream_mean_delta_maxabs": 0.0,
      "downstream_mean_delta_ge_025": 0
    },
    {
      "version": "v0009",
      "downstream_changed_cells": 0,
      "downstream_changed_genes": 0,
      "downstream_changed_entries": 0,
      "downstream_changes_in_gata4_zero_cells": 0,
      "activated_zero_entries": 0,
      "zero_fraction": 0.8953701167942005,
      "downstream_mean_delta_l2": 0.0,
      "downstream_mean_delta_maxabs": 0.0,
      "downstream_mean_delta_ge_025": 0
    },
    {
      "version": "v0018",
      "downstream_changed_cells": 7449,
      "downstream_changed_genes": 119,
      "downstream_changed_entries": 351854,
      "downstream_changes_in_gata4_zero_cells": 277408,
      "activated_zero_entries": 150103,
      "zero_fraction": 0.8550685998120553,
      "downstream_mean_delta_l2": 0.006740452623707292,
      "downstream_mean_delta_maxabs": 0.0040209032190071685,
      "downstream_mean_delta_ge_025": 0
    },
    {
      "version": "v0019",
      "downstream_changed_cells": 1546,
      "downstream_changed_genes": 119,
      "downstream_changed_entries": 83080,
      "downstream_changes_in_gata4_zero_cells": 37642,
      "activated_zero_entries": 31385,
      "zero_fraction": 0.8869434823466237,
      "downstream_mean_delta_l2": 0.0025601507368049224,
      "downstream_mean_delta_maxabs": 0.0011757242389934498,
      "downstream_mean_delta_ge_025": 0
    },
    {
      "version": "v0020",
      "downstream_changed_cells": 7449,
      "downstream_changed_genes": 115,
      "downstream_changed_entries": 366842,
      "downstream_changes_in_gata4_zero_cells": 292840,
      "activated_zero_entries": 168056,
      "zero_fraction": 0.8502483554839576,
      "downstream_mean_delta_l2": 0.39363440994633636,
      "downstream_mean_delta_maxabs": 0.12826860297892875,
      "downstream_mean_delta_ge_025": 0
    },
    {
      "version": "v0022",
      "downstream_changed_cells": 7449,
      "downstream_changed_genes": 53,
      "downstream_changed_entries": 204720,
      "downstream_changes_in_gata4_zero_cells": 160150,
      "activated_zero_entries": 87472,
      "zero_fraction": 0.8718845482615116,
      "downstream_mean_delta_l2": 0.14514729224232734,
      "downstream_mean_delta_maxabs": 0.07095402851250687,
      "downstream_mean_delta_ge_025": 0
    },
    {
      "version": "v0034",
      "downstream_changed_cells": 7447,
      "downstream_changed_genes": 308,
      "downstream_changed_entries": 303912,
      "downstream_changes_in_gata4_zero_cells": 237924,
      "activated_zero_entries": 0,
      "zero_fraction": 0.8953701167942005,
      "downstream_mean_delta_l2": 0.6148572663918497,
      "downstream_mean_delta_maxabs": 0.16335152568297348,
      "downstream_mean_delta_ge_025": 0
    },
    {
      "version": "v0035",
      "downstream_changed_cells": 7449,
      "downstream_changed_genes": 499,
      "downstream_changed_entries": 389694,
      "downstream_changes_in_gata4_zero_cells": 302508,
      "activated_zero_entries": 0,
      "zero_fraction": 0.8953701167942005,
      "downstream_mean_delta_l2": 0.7770435516167804,
      "downstream_mean_delta_maxabs": 0.23172019244616648,
      "downstream_mean_delta_ge_025": 0
    },
    {
      "version": "v0036",
      "downstream_changed_cells": 1184,
      "downstream_changed_genes": 318,
      "downstream_changed_entries": 8986,
      "downstream_changes_in_gata4_zero_cells": 0,
      "activated_zero_entries": 0,
      "zero_fraction": 0.8953701167942005,
      "downstream_mean_delta_l2": 0.06468793763243058,
      "downstream_mean_delta_maxabs": 0.04329752890051315,
      "downstream_mean_delta_ge_025": 0
    },
    {
      "version": "v0037",
      "downstream_changed_cells": 1184,
      "downstream_changed_genes": 318,
      "downstream_changed_entries": 8987,
      "downstream_changes_in_gata4_zero_cells": 0,
      "activated_zero_entries": 0,
      "zero_fraction": 0.8953701167942005,
      "downstream_mean_delta_l2": 0.06598145617709972,
      "downstream_mean_delta_maxabs": 0.043460889220445775,
      "downstream_mean_delta_ge_025": 0
    },
    {
      "version": "v0040",
      "downstream_changed_cells": 1535,
      "downstream_changed_genes": 238,
      "downstream_changed_entries": 10829,
      "downstream_changes_in_gata4_zero_cells": 4825,
      "activated_zero_entries": 0,
      "zero_fraction": 0.8953701167942005,
      "downstream_mean_delta_l2": 0.017189306331919372,
      "downstream_mean_delta_maxabs": 0.016944127077063484,
      "downstream_mean_delta_ge_025": 0
    },
    {
      "version": "v0041",
      "downstream_changed_cells": 1880,
      "downstream_changed_genes": 360,
      "downstream_changed_entries": 61879,
      "downstream_changes_in_gata4_zero_cells": 25408,
      "activated_zero_entries": 0,
      "zero_fraction": 0.8953701167942005,
      "downstream_mean_delta_l2": 0.0214700158324662,
      "downstream_mean_delta_maxabs": 0.016944127077063484,
      "downstream_mean_delta_ge_025": 0
    },
    {
      "version": "v0046",
      "downstream_changed_cells": 7449,
      "downstream_changed_genes": 498,
      "downstream_changed_entries": 389020,
      "downstream_changes_in_gata4_zero_cells": 301905,
      "activated_zero_entries": 0,
      "zero_fraction": 0.8953701167942005,
      "downstream_mean_delta_l2": 0.6178254346753286,
      "downstream_mean_delta_maxabs": 0.1635356047022565,
      "downstream_mean_delta_ge_025": 0
    },
    {
      "version": "v0048",
      "downstream_changed_cells": 1354,
      "downstream_changed_genes": 499,
      "downstream_changed_entries": 301307,
      "downstream_changes_in_gata4_zero_cells": 0,
      "activated_zero_entries": 214296,
      "zero_fraction": 0.8378332662102296,
      "downstream_mean_delta_l2": 0.1811455075798185,
      "downstream_mean_delta_maxabs": 0.04877872046955647,
      "downstream_mean_delta_ge_025": 0
    },
    {
      "version": "v0058",
      "downstream_changed_cells": 1354,
      "downstream_changed_genes": 499,
      "downstream_changed_entries": 281864,
      "downstream_changes_in_gata4_zero_cells": 0,
      "activated_zero_entries": 194810,
      "zero_fraction": 0.8430651094106592,
      "downstream_mean_delta_l2": 0.20015614036655596,
      "downstream_mean_delta_maxabs": 0.0512280508291723,
      "downstream_mean_delta_ge_025": 0
    }
  ],
  "celloracle_summary": {
    "rows": 37924,
    "states": 76,
    "genes": 499,
    "zero_state_gene_medians": 30337,
    "zero_state_gene_median_fraction": 0.7999419892416412,
    "genes_with_nonzero_mean_effect": 488,
    "genes_with_opposite_sign_states": 394,
    "genes_mean_absolute_over_absolute_mean_gt5": 76,
    "effect_extraction": "median within state; equal-weight mean across states in R6 adapter"
  },
  "wt_dispersion_cap": {
    "source_cells": 17057,
    "examined_downstream_genes": 499,
    "zero_iqr_genes": 378,
    "celloracle_nonzero_effect_genes_suppressed_by_zero_iqr": 369,
    "suppressed_gene_examples": [
      "A2m",
      "AI646519",
      "Abca6",
      "Abca8a",
      "Abcc9",
      "Abi3bp",
      "Ablim3",
      "Acer2",
      "Ackr3",
      "Acvr1c",
      "Adamts12",
      "Adamts8",
      "Adcy2",
      "Adgrf5",
      "Adgrg6",
      "Adgrl4",
      "Adm",
      "Afp",
      "Ahsg",
      "Akr1c19",
      "Aldh1a2",
      "Aldob",
      "Alox5ap",
      "Alx1",
      "Angptl6"
    ]
  },
  "server_submetric_summary": {
    "t3_rows": 200,
    "versions": 40,
    "severity_observations": 40,
    "severity_distinct_skills": [
      50.0
    ],
    "source": "reports/SERVER_SUBMETRIC_REGISTRY.tsv; user-reported server skills; not recomputed scores"
  }
}
